2026/09/12 14:53:07 にビルドを開始しました。
ログの詳細度は次のように設定されています: Normal。
     1>ノード 1 上のプロジェクト "C:\Users\k024g\OneDrive\ドキュメント\LE3\GJ3\Project\CoreEngine.slnx" (Build ターゲット)。
     1>ValidateSolutionConfiguration:
         ソリューション構成 "Development|x64" をビルドしています。
     1>プロジェクト "C:\Users\k024g\OneDrive\ドキュメント\LE3\GJ3\Project\CoreEngine.slnx" (1) は、ノード 2 上に "C:\Users\k024g\OneDrive\ドキュメント\LE3\GJ3\Project\externals\DirectXTex\DirectXTex_Desktop_2022_Win10.vcxproj" (2) をビルドしています (既定のターゲット)。
     2>PrepareForBuild:
         構造化出力が有効になっています。コンパイラ診断の書式設定にはエラー階層が反映されます。詳細については、https://aka.ms/cpp/structured-output を参照してください。
       InitializeBuildStatus:
         "AlwaysCreate" が指定されたため "C:\Users\k024g\OneDrive\ドキュメント\LE3\GJ3\Project\externals\DirectXTex\..\..\..\generated\DirectXTex\obj\Development\DirectXTex.tlog\unsuccessfulbuild" を作成しています。
         "C:\Users\k024g\OneDrive\ドキュメント\LE3\GJ3\Project\externals\DirectXTex\..\..\..\generated\DirectXTex\obj\Development\DirectXTex.tlog\unsuccessfulbuild" のタッチ タスクを実行しています。
       ClCompile:
         すべての出力が最新のものです。
         すべての出力が最新のものです。
       Lib:
         すべての出力が最新のものです。
         DirectXTex_Desktop_2022_Win10.vcxproj -> C:\Users\k024g\OneDrive\ドキュメント\LE3\GJ3\generated\DirectXTex\outputs\Development\DirectXTex.lib
       FinalizeBuildStatus:
         ファイル "C:\Users\k024g\OneDrive\ドキュメント\LE3\GJ3\Project\externals\DirectXTex\..\..\..\generated\DirectXTex\obj\Development\DirectXTex.tlog\unsuccessfulbuild" を削除しています。
         "C:\Users\k024g\OneDrive\ドキュメント\LE3\GJ3\Project\externals\DirectXTex\..\..\..\generated\DirectXTex\obj\Development\DirectXTex.tlog\DirectXTex.lastbuildstate" のタッチ タスクを実行しています。
     2>プロジェクト "C:\Users\k024g\OneDrive\ドキュメント\LE3\GJ3\Project\externals\DirectXTex\DirectXTex_Desktop_2022_Win10.vcxproj" (既定のターゲット) のビルドが完了しました。
     1>プロジェクト "C:\Users\k024g\OneDrive\ドキュメント\LE3\GJ3\Project\CoreEngine.slnx" (1) は、ノード 1 上に "C:\Users\k024g\OneDrive\ドキュメント\LE3\GJ3\Project\CoreEngine.vcxproj" (3) をビルドしています (既定のターゲット)。
     3>PrepareForBuild:
         構造化出力が有効になっています。コンパイラ診断の書式設定にはエラー階層が反映されます。詳細については、https://aka.ms/cpp/structured-output を参照してください。
       InitializeBuildStatus:
         "AlwaysCreate" が指定されたため "C:\Users\k024g\OneDrive\ドキュメント\LE3\GJ3\Project\..\generated\CoreEngine\obj\Development\CoreEngine.tlog\unsuccessfulbuild" を作成しています。
         "C:\Users\k024g\OneDrive\ドキュメント\LE3\GJ3\Project\..\generated\CoreEngine\obj\Development\CoreEngine.tlog\unsuccessfulbuild" のタッチ タスクを実行しています。
       ComputeStdModulesCompileInputs:
         ライブラリ 'microsoft/STL' のデータを提供するライブラリ マニフェスト ファイル 'C:\Program Files\Microsoft Visual Studio\18\Community\VC\Tools\MSVC\14.51.36231\modules\modules.json' を読み取っています。
         このプロジェクトでビルドするライブラリ 'microsoft/STL' からモジュール ソース 'C:\Program Files\Microsoft Visual Studio\18\Community\VC\Tools\MSVC\14.51.36231\modules\std.ixx' を追加しています。
         このプロジェクトでビルドするライブラリ 'microsoft/STL' からモジュール ソース 'C:\Program Files\Microsoft Visual Studio\18\Community\VC\Tools\MSVC\14.51.36231\modules\std.compat.ixx' を追加しています。
       ClCompile:
         すべての出力が最新のものです。
         C:\Program Files\Microsoft Visual Studio\18\Community\VC\Tools\MSVC\14.51.36231\bin\HostX86\x64\CL.exe /c /I"C:\Users\k024g\OneDrive\ドキュメント\LE3\GJ3\Project\packages\WinPixEventRuntime.1.0.240308001\build\..\Include\WinPixEventRuntime" /I"C:\Users\k024g\OneDrive\ドキュメント\LE3\GJ3\Project\Externals\assimp\include" /I"C:\Users\k024g\OneDrive\ドキュメント\LE3\GJ3\Project\Externals\spdlog\include" /I"C:\Users\k024g\OneDrive\ドキュメント\LE3\GJ3\Project\Externals\imgui" /I"C:\Users\k024g\OneDrive\ドキュメント\LE3\GJ3\Project\Engine/Src" /I"C:\Users\k024g\OneDrive\ドキュメント\LE3\GJ3\Project\Application/Src" /Zi /nologo /W4 /WX- /diagnostics:column /sdl /MP /Od /Oi /D _WINDOWS /D USE_IMGUI /D USE_PIX /D MSDFGEN_PUBLIC= /D MSDFGEN_USE_CPP11 /D _UNICODE /D UNICODE /Gm- /EHsc /MT /GS /Gy /fp:precise /Zc:wchar_t /Zc:forScope /Zc:inline /std:c++20 /permissive- /Yu"pch.h" /Fp"C:\Users\k024g\OneDrive\ドキュメント\LE3\GJ3\Project\..\generated\CoreEngine\obj\Development\CoreEngine.pch" /Fo"C:\Users\k024g\OneDrive\ドキュメント\LE3\GJ3\Project\..\generated\CoreEngine\obj\Development\\" /Fd"C:\Users\k024g\OneDrive\ドキュメント\LE3\GJ3\Project\..\generated\CoreEngine\obj\Development\vc145.pdb" /external:W4 /Gd /TP /FC /errorReport:queue /utf-8 Application\Src\Components\UI\StaminaGaugeUIComponent.cpp Application\Src\GameObjects\Effect\BananaHarvestEffect.cpp Application\Src\Scenes\GameScene\GameEntranceFeature.cpp Application\Src\Scenes\GameScene\StaminaGaugeFeature.cpp
         StaminaGaugeUIComponent.cpp
         BananaHarvestEffect.cpp
         GameEntranceFeature.cpp
         StaminaGaugeFeature.cpp
         すべての出力が最新のものです。
         すべての出力が最新のものです。
         すべての出力が最新のものです。
       Link:
         C:\Program Files\Microsoft Visual Studio\18\Community\VC\Tools\MSVC\14.51.36231\bin\HostX86\x64\link.exe /ERRORREPORT:QUEUE /OUT:"C:\Users\k024g\OneDrive\ドキュメント\LE3\GJ3\Project\..\generated\CoreEngine\outputs\Development\CoreEngine.exe" /NOLOGO /LIBPATH:"C:\Users\k024g\OneDrive\ドキュメント\LE3\GJ3\Project\packages\WinPixEventRuntime.1.0.240308001\build\..\bin\x64" /LIBPATH:"C:\Users\k024g\OneDrive\ドキュメント\LE3\GJ3\Project\externals\assimp\lib\Release" WinPixEventRuntime.lib "assimp-vc143-mt.lib" /MANIFEST /MANIFESTUAC:"level='asInvoker' uiAccess='false'" /manifest:embed /DEBUG /PDB:"C:\Users\k024g\OneDrive\ドキュメント\LE3\GJ3\Project\..\generated\CoreEngine\outputs\Development\CoreEngine.pdb" /SUBSYSTEM:WINDOWS /OPT:REF /OPT:ICF /TLBID:1 /DYNAMICBASE /NXCOMPAT /IMPLIB:"C:\Users\k024g\OneDrive\ドキュメント\LE3\GJ3\Project\..\generated\CoreEngine\outputs\Development\CoreEngine.lib" /MACHINE:X64 /ignore:4099 "C:\Users\k024g\OneDrive\ドキュメント\LE3\GJ3\Project\..\generated\CoreEngine\obj\Development\MapGeneratorComponent.obj"
         "C:\Users\k024g\OneDrive\ドキュメント\LE3\GJ3\Project\..\generated\CoreEngine\obj\Development\MapViewComponent.obj"
         "C:\Users\k024g\OneDrive\ドキュメント\LE3\GJ3\Project\..\generated\CoreEngine\obj\Development\RockThrowComponent.obj"
         "C:\Users\k024g\OneDrive\ドキュメント\LE3\GJ3\Project\..\generated\CoreEngine\obj\Development\WaterWaveViewComponent.obj"
         "C:\Users\k024g\OneDrive\ドキュメント\LE3\GJ3\Project\..\generated\CoreEngine\obj\Development\RockBreakShakeSettingsComponent.obj"
         "C:\Users\k024g\OneDrive\ドキュメント\LE3\GJ3\Project\..\generated\CoreEngine\obj\Development\GameManagerComponent.obj"
         "C:\Users\k024g\OneDrive\ドキュメント\LE3\GJ3\Project\..\generated\CoreEngine\obj\Development\GameSettingsComponent.obj"
         "C:\Users\k024g\OneDrive\ドキュメント\LE3\GJ3\Project\..\generated\CoreEngine\obj\Development\HungerComponent.obj"
         "C:\Users\k024g\OneDrive\ドキュメント\LE3\GJ3\Project\..\generated\CoreEngine\obj\Development\ResultButtonAnimationComponent.obj"
         "C:\Users\k024g\OneDrive\ドキュメント\LE3\GJ3\Project\..\generated\CoreEngine\obj\Development\ResultMonkeyShakeComponent.obj"
         "C:\Users\k024g\OneDrive\ドキュメント\LE3\GJ3\Project\..\generated\CoreEngine\obj\Development\ResultTipsComponent.obj"
         "C:\Users\k024g\OneDrive\ドキュメント\LE3\GJ3\Project\..\generated\CoreEngine\obj\Development\RailBuilderComponent.obj"
         "C:\Users\k024g\OneDrive\ドキュメント\LE3\GJ3\Project\..\generated\CoreEngine\obj\Development\RailViewComponent.obj"
         "C:\Users\k024g\OneDrive\ドキュメント\LE3\GJ3\Project\..\generated\CoreEngine\obj\Development\RailPathComponent.obj"
         "C:\Users\k024g\OneDrive\ドキュメント\LE3\GJ3\Project\..\generated\CoreEngine\obj\Development\SpawnPopComponent.obj"
         "C:\Users\k024g\OneDrive\ドキュメント\LE3\GJ3\Project\..\generated\CoreEngine\obj\Development\TrainMovementComponent.obj"
         "C:\Users\k024g\OneDrive\ドキュメント\LE3\GJ3\Project\..\generated\CoreEngine\obj\Development\TitleButtonAnimationComponent.obj"
         "C:\Users\k024g\OneDrive\ドキュメント\LE3\GJ3\Project\..\generated\CoreEngine\obj\Development\TitleCameraShakeSettingsComponent.obj"
         "C:\Users\k024g\OneDrive\ドキュメント\LE3\GJ3\Project\..\generated\CoreEngine\obj\Development\TitleLogoAnimationComponent.obj"
         "C:\Users\k024g\OneDrive\ドキュメント\LE3\GJ3\Project\..\generated\CoreEngine\obj\Development\TitleMonkeyAnimationComponent.obj"
         "C:\Users\k024g\OneDrive\ドキュメント\LE3\GJ3\Project\..\generated\CoreEngine\obj\Development\TitleTrolleyAnimationComponent.obj"
         "C:\Users\k024g\OneDrive\ドキュメント\LE3\GJ3\Project\..\generated\CoreEngine\obj\Development\TitleTextAnimationComponent.obj"
         "C:\Users\k024g\OneDrive\ドキュメント\LE3\GJ3\Project\..\generated\CoreEngine\obj\Development\OffscreenTrainIndicatorUIComponent.obj"
         "C:\Users\k024g\OneDrive\ドキュメント\LE3\GJ3\Project\..\generated\CoreEngine\obj\Development\ObjectiveSignComponent.obj"
         "C:\Users\k024g\OneDrive\ドキュメント\LE3\GJ3\Project\..\generated\CoreEngine\obj\Development\PauseMenuUIComponent.obj"
         "C:\Users\k024g\OneDrive\ドキュメント\LE3\GJ3\Project\..\generated\CoreEngine\obj\Development\GameRecordStore.obj"
         "C:\Users\k024g\OneDrive\ドキュメント\LE3\GJ3\Project\..\generated\CoreEngine\obj\Development\ResultGaugeUIComponent.obj"
         "C:\Users\k024g\OneDrive\ドキュメント\LE3\GJ3\Project\..\generated\CoreEngine\obj\Development\SpeedGaugeUIComponent.obj"
         "C:\Users\k024g\OneDrive\ドキュメント\LE3\GJ3\Project\..\generated\CoreEngine\obj\Development\GameStartPromptAnimationComponent.obj"
         "C:\Users\k024g\OneDrive\ドキュメント\LE3\GJ3\Project\..\generated\CoreEngine\obj\Development\StaminaGaugeUIComponent.obj"
         "C:\Users\k024g\OneDrive\ドキュメント\LE3\GJ3\Project\..\generated\CoreEngine\obj\Development\ModelRenderPoolComponent.obj"
         "C:\Users\k024g\OneDrive\ドキュメント\LE3\GJ3\Project\..\generated\CoreEngine\obj\Development\StageCsvDocument.obj"
         "C:\Users\k024g\OneDrive\ドキュメント\LE3\GJ3\Project\..\generated\CoreEngine\obj\Development\StageEditorPanel.obj"
         "C:\Users\k024g\OneDrive\ドキュメント\LE3\GJ3\Project\..\generated\CoreEngine\obj\Development\StageProject.obj"
         "C:\Users\k024g\OneDrive\ドキュメント\LE3\GJ3\Project\..\generated\CoreEngine\obj\Development\MyGame.obj"
         "C:\Users\k024g\OneDrive\ドキュメント\LE3\GJ3\Project\..\generated\CoreEngine\obj\Development\GameScene.obj"
         "C:\Users\k024g\OneDrive\ドキュメント\LE3\GJ3\Project\..\generated\CoreEngine\obj\Development\OffscreenTrainIndicatorFeature.obj"
         "C:\Users\k024g\OneDrive\ドキュメント\LE3\GJ3\Project\..\generated\CoreEngine\obj\Development\BananaTreeAuraFeature.obj"
         "C:\Users\k024g\OneDrive\ドキュメント\LE3\GJ3\Project\..\generated\CoreEngine\obj\Development\RailDirectionGuideFeature.obj"
         "C:\Users\k024g\OneDrive\ドキュメント\LE3\GJ3\Project\..\generated\CoreEngine\obj\Development\SkyFogFeature.obj"
         "C:\Users\k024g\OneDrive\ドキュメント\LE3\GJ3\Project\..\generated\CoreEngine\obj\Development\GameEntranceFeature.obj"
         "C:\Users\k024g\OneDrive\ドキュメント\LE3\GJ3\Project\..\generated\CoreEngine\obj\Development\PauseMenuFeature.obj"
         "C:\Users\k024g\OneDrive\ドキュメント\LE3\GJ3\Project\..\generated\CoreEngine\obj\Development\SpeedGaugeFeature.obj"
         "C:\Users\k024g\OneDrive\ドキュメント\LE3\GJ3\Project\..\generated\CoreEngine\obj\Development\SpeedBlurFeature.obj"
         "C:\Users\k024g\OneDrive\ドキュメント\LE3\GJ3\Project\..\generated\CoreEngine\obj\Development\StaminaGaugeFeature.obj"
         "C:\Users\k024g\OneDrive\ドキュメント\LE3\GJ3\Project\..\generated\CoreEngine\obj\Development\StaminaCostPopupFeature.obj"
         "C:\Users\k024g\OneDrive\ドキュメント\LE3\GJ3\Project\..\generated\CoreEngine\obj\Development\StageLightsFeature.obj"
         "C:\Users\k024g\OneDrive\ドキュメント\LE3\GJ3\Project\..\generated\CoreEngine\obj\Development\ResultScene.obj"
         "C:\Users\k024g\OneDrive\ドキュメント\LE3\GJ3\Project\..\generated\CoreEngine\obj\Development\ResultSceneUi.obj"
         "C:\Users\k024g\OneDrive\ドキュメント\LE3\GJ3\Project\..\generated\CoreEngine\obj\Development\TestScene.obj"
         "C:\Users\k024g\OneDrive\ドキュメント\LE3\GJ3\Project\..\generated\CoreEngine\obj\Development\TitleScene.obj"
         "C:\Users\k024g\OneDrive\ドキュメント\LE3\GJ3\Project\..\generated\CoreEngine\obj\Development\TitleSceneModelSetup.obj"
         "C:\Users\k024g\OneDrive\ドキュメント\LE3\GJ3\Project\..\generated\CoreEngine\obj\Development\TitleSceneUi.obj"
         "C:\Users\k024g\OneDrive\ドキュメント\LE3\GJ3\Project\..\generated\CoreEngine\obj\Development\WaterRenderFeature.obj"
         "C:\Users\k024g\OneDrive\ドキュメント\LE3\GJ3\Project\..\generated\CoreEngine\obj\Development\WaterConstantBufferSet.obj"
         "C:\Users\k024g\OneDrive\ドキュメント\LE3\GJ3\Project\..\generated\CoreEngine\obj\Development\WaterRenderResources.obj"
         "C:\Users\k024g\OneDrive\ドキュメント\LE3\GJ3\Project\..\generated\CoreEngine\obj\Development\WaterShaderResourceBinder.obj"
         "C:\Users\k024g\OneDrive\ドキュメント\LE3\GJ3\Project\..\generated\CoreEngine\obj\Development\Outline.obj"
         "C:\Users\k024g\OneDrive\ドキュメント\LE3\GJ3\Project\..\generated\CoreEngine\obj\Development\Random.obj"
         "C:\Users\k024g\OneDrive\ドキュメント\LE3\GJ3\Project\..\generated\CoreEngine\obj\Development\CylinderMeshGenerator.obj"
         "C:\Users\k024g\OneDrive\ドキュメント\LE3\GJ3\Project\..\generated\CoreEngine\obj\Development\RingMeshGenerator.obj"
         "C:\Users\k024g\OneDrive\ドキュメント\LE3\GJ3\Project\..\generated\CoreEngine\obj\Development\RayTracingOutputViewSet.obj"
         "C:\Users\k024g\OneDrive\ドキュメント\LE3\GJ3\Project\..\generated\CoreEngine\obj\Development\WaterCausticsRayTracingManager.obj"
         "C:\Users\k024g\OneDrive\ドキュメント\LE3\GJ3\Project\..\generated\CoreEngine\obj\Development\WaterRayTracingPassBase.obj"
         "C:\Users\k024g\OneDrive\ドキュメント\LE3\GJ3\Project\..\generated\CoreEngine\obj\Development\WaterRefractionRayTracingManager.obj"
         "C:\Users\k024g\OneDrive\ドキュメント\LE3\GJ3\Project\..\generated\CoreEngine\obj\Development\WaterReflectionRayTracingManager.obj"
         "C:\Users\k024g\OneDrive\ドキュメント\LE3\GJ3\Project\..\generated\CoreEngine\obj\Development\AtmosphereManager.obj"
         "C:\Users\k024g\OneDrive\ドキュメント\LE3\GJ3\Project\..\generated\CoreEngine\obj\Development\CloudCVars.obj"
         "C:\Users\k024g\OneDrive\ドキュメント\LE3\GJ3\Project\..\generated\CoreEngine\obj\Development\CloudNoiseBaker.obj"
         "C:\Users\k024g\OneDrive\ドキュメント\LE3\GJ3\Project\..\generated\CoreEngine\obj\Development\CloudPipelines.obj"
         "C:\Users\k024g\OneDrive\ドキュメント\LE3\GJ3\Project\..\generated\CoreEngine\obj\Development\CloudRenderContext.obj"
         "C:\Users\k024g\OneDrive\ドキュメント\LE3\GJ3\Project\..\generated\CoreEngine\obj\Development\CloudRenderer.obj"
         "C:\Users\k024g\OneDrive\ドキュメント\LE3\GJ3\Project\..\generated\CoreEngine\obj\Development\CloudShadowMapRenderer.obj"
         "C:\Users\k024g\OneDrive\ドキュメント\LE3\GJ3\Project\..\generated\CoreEngine\obj\Development\CloudResources.obj"
         "C:\Users\k024g\OneDrive\ドキュメント\LE3\GJ3\Project\..\generated\CoreEngine\obj\Development\CloudSkyCubemapBaker.obj"
         "C:\Users\k024g\OneDrive\ドキュメント\LE3\GJ3\Project\..\generated\CoreEngine\obj\Development\GodRayRenderer.obj"
         "C:\Users\k024g\OneDrive\ドキュメント\LE3\GJ3\Project\..\generated\CoreEngine\obj\Development\VolumetricCloudManager.obj"
         "C:\Users\k024g\OneDrive\ドキュメント\LE3\GJ3\Project\..\generated\CoreEngine\obj\Development\FogManager.obj"
         "C:\Users\k024g\OneDrive\ドキュメント\LE3\GJ3\Project\..\generated\CoreEngine\obj\Development\FogCVars.obj"
         "C:\Users\k024g\OneDrive\ドキュメント\LE3\GJ3\Project\..\generated\CoreEngine\obj\Development\AtmosphereLUTPass.obj"
         "C:\Users\k024g\OneDrive\ドキュメント\LE3\GJ3\Project\..\generated\CoreEngine\obj\Development\AerialPerspectivePass.obj"
         "C:\Users\k024g\OneDrive\ドキュメント\LE3\GJ3\Project\..\generated\CoreEngine\obj\Development\VolumetricCloudNoisePass.obj"
         "C:\Users\k024g\OneDrive\ドキュメント\LE3\GJ3\Project\..\generated\CoreEngine\obj\Development\CloudShadowMapPass.obj"
         "C:\Users\k024g\OneDrive\ドキュメント\LE3\GJ3\Project\..\generated\CoreEngine\obj\Development\VolumetricCloudPass.obj"
         "C:\Users\k024g\OneDrive\ドキュメント\LE3\GJ3\Project\..\generated\CoreEngine\obj\Development\FogPass.obj"
         "C:\Users\k024g\OneDrive\ドキュメント\LE3\GJ3\Project\..\generated\CoreEngine\obj\Development\GodRayPass.obj"
         "C:\Users\k024g\OneDrive\ドキュメント\LE3\GJ3\Project\..\generated\CoreEngine\obj\Development\FrameBlackboard.obj"
         "C:\Users\k024g\OneDrive\ドキュメント\LE3\GJ3\Project\..\generated\CoreEngine\obj\Development\FFTOceanPass.obj"
         "C:\Users\k024g\OneDrive\ドキュメント\LE3\GJ3\Project\..\generated\CoreEngine\obj\Development\ASBuildPass.obj"
         "C:\Users\k024g\OneDrive\ドキュメント\LE3\GJ3\Project\..\generated\CoreEngine\obj\Development\RTShadowPass.obj"
         "C:\Users\k024g\OneDrive\ドキュメント\LE3\GJ3\Project\..\generated\CoreEngine\obj\Development\RTWaterCausticsPass.obj"
         "C:\Users\k024g\OneDrive\ドキュメント\LE3\GJ3\Project\..\generated\CoreEngine\obj\Development\RTWaterRefractionPass.obj"
         "C:\Users\k024g\OneDrive\ドキュメント\LE3\GJ3\Project\..\generated\CoreEngine\obj\Development\RTWaterReflectionPass.obj"
         "C:\Users\k024g\OneDrive\ドキュメント\LE3\GJ3\Project\..\generated\CoreEngine\obj\Development\SceneColorCopyPass.obj"
         "C:\Users\k024g\OneDrive\ドキュメント\LE3\GJ3\Project\..\generated\CoreEngine\obj\Development\WaterCausticsPass.obj"
         "C:\Users\k024g\OneDrive\ドキュメント\LE3\GJ3\Project\..\generated\CoreEngine\obj\Development\WaterSurfacePass.obj"
         "C:\Users\k024g\OneDrive\ドキュメント\LE3\GJ3\Project\..\generated\CoreEngine\obj\Development\RenderDomainContext.obj"
         "C:\Users\k024g\OneDrive\ドキュメント\LE3\GJ3\Project\..\generated\CoreEngine\obj\Development\RenderGraph.obj"
         "C:\Users\k024g\OneDrive\ドキュメント\LE3\GJ3\Project\..\generated\CoreEngine\obj\Development\WaterCausticsTechnique.obj"
         "C:\Users\k024g\OneDrive\ドキュメント\LE3\GJ3\Project\..\generated\CoreEngine\obj\Development\FFTOceanDebugProbe.obj"
         "C:\Users\k024g\OneDrive\ドキュメント\LE3\GJ3\Project\..\generated\CoreEngine\obj\Development\WaterCVars.obj"
         "C:\Users\k024g\OneDrive\ドキュメント\LE3\GJ3\Project\..\generated\CoreEngine\obj\Development\FFTOceanDispatchHelper.obj"
         "C:\Users\k024g\OneDrive\ドキュメント\LE3\GJ3\Project\..\generated\CoreEngine\obj\Development\FFTOceanManager.obj"
         "C:\Users\k024g\OneDrive\ドキュメント\LE3\GJ3\Project\..\generated\CoreEngine\obj\Development\FFTOceanManagerLogHelper.obj"
         "C:\Users\k024g\OneDrive\ドキュメント\LE3\GJ3\Project\..\generated\CoreEngine\obj\Development\FFTOceanReadbackHelper.obj"
         "C:\Users\k024g\OneDrive\ドキュメント\LE3\GJ3\Project\..\generated\CoreEngine\obj\Development\FFTOceanResourceFactory.obj"
         "C:\Users\k024g\OneDrive\ドキュメント\LE3\GJ3\Project\..\generated\CoreEngine\obj\Development\FFTOceanSpectrumBuilder.obj"
         "C:\Users\k024g\OneDrive\ドキュメント\LE3\GJ3\Project\..\generated\CoreEngine\obj\Development\FFTOceanSpectrumDebugHelper.obj"
         "C:\Users\k024g\OneDrive\ドキュメント\LE3\GJ3\Project\..\generated\CoreEngine\obj\Development\FFTOceanSurfaceSimulator.obj"
         "C:\Users\k024g\OneDrive\ドキュメント\LE3\GJ3\Project\..\generated\CoreEngine\obj\Development\GerstnerWaterSimulator.obj"
         "C:\Users\k024g\OneDrive\ドキュメント\LE3\GJ3\Project\..\generated\CoreEngine\obj\Development\WaterSurfaceModelProvider.obj"
         "C:\Users\k024g\OneDrive\ドキュメント\LE3\GJ3\Project\..\generated\CoreEngine\obj\Development\DynamicModelObject.obj"
         "C:\Users\k024g\OneDrive\ドキュメント\LE3\GJ3\Project\..\generated\CoreEngine\obj\Development\LifetimeModule.obj"
         "C:\Users\k024g\OneDrive\ドキュメント\LE3\GJ3\Project\..\generated\CoreEngine\obj\Development\pch.obj"
         "C:\Users\k024g\OneDrive\ドキュメント\LE3\GJ3\Project\..\generated\CoreEngine\obj\Development\HitEffect.obj"
         "C:\Users\k024g\OneDrive\ドキュメント\LE3\GJ3\Project\..\generated\CoreEngine\obj\Development\BananaHarvestEffect.obj"
         "C:\Users\k024g\OneDrive\ドキュメント\LE3\GJ3\Project\..\generated\CoreEngine\obj\Development\StationSlowdownEffect.obj"
         "C:\Users\k024g\OneDrive\ドキュメント\LE3\GJ3\Project\..\generated\CoreEngine\obj\Development\RockBreakDebris.obj"
         "C:\Users\k024g\OneDrive\ドキュメント\LE3\GJ3\Project\..\generated\CoreEngine\obj\Development\GameSceneObject.obj"
         "C:\Users\k024g\OneDrive\ドキュメント\LE3\GJ3\Project\..\generated\CoreEngine\obj\Development\WaterPlaneObject.obj"
         "C:\Users\k024g\OneDrive\ドキュメント\LE3\GJ3\Project\..\generated\CoreEngine\obj\Development\SkyBoxObject.obj"
         "C:\Users\k024g\OneDrive\ドキュメント\LE3\GJ3\Project\..\generated\CoreEngine\obj\Development\CameraSceneStateIO.obj"
         "C:\Users\k024g\OneDrive\ドキュメント\LE3\GJ3\Project\..\generated\CoreEngine\obj\Development\CameraManager.obj"
         "C:\Users\k024g\OneDrive\ドキュメント\LE3\GJ3\Project\..\generated\CoreEngine\obj\Development\CameraSequence.obj"
         "C:\Users\k024g\OneDrive\ドキュメント\LE3\GJ3\Project\..\generated\CoreEngine\obj\Development\CameraSequenceTypes.obj"
         "C:\Users\k024g\OneDrive\ドキュメント\LE3\GJ3\Project\..\generated\CoreEngine\obj\Development\CameraRigTypes.obj"
         "C:\Users\k024g\OneDrive\ドキュメント\LE3\GJ3\Project\..\generated\CoreEngine\obj\Development\CameraRigIO.obj"
         "C:\Users\k024g\OneDrive\ドキュメント\LE3\GJ3\Project\..\generated\CoreEngine\obj\Development\CameraRigLibrary.obj"
         "C:\Users\k024g\OneDrive\ドキュメント\LE3\GJ3\Project\..\generated\CoreEngine\obj\Development\CameraRigRuntime.obj"
         "C:\Users\k024g\OneDrive\ドキュメント\LE3\GJ3\Project\..\generated\CoreEngine\obj\Development\CameraRig.obj"
         "C:\Users\k024g\OneDrive\ドキュメント\LE3\GJ3\Project\..\generated\CoreEngine\obj\Development\CameraRigFeature.obj"
         "C:\Users\k024g\OneDrive\ドキュメント\LE3\GJ3\Project\..\generated\CoreEngine\obj\Development\CameraRigEvaluator.obj"
         "C:\Users\k024g\OneDrive\ドキュメント\LE3\GJ3\Project\..\generated\CoreEngine\obj\Development\CameraSequencePlayer.obj"
         "C:\Users\k024g\OneDrive\ドキュメント\LE3\GJ3\Project\..\generated\CoreEngine\obj\Development\CameraSequenceLibrary.obj"
         "C:\Users\k024g\OneDrive\ドキュメント\LE3\GJ3\Project\..\generated\CoreEngine\obj\Development\CameraSequenceEvaluator.obj"
         "C:\Users\k024g\OneDrive\ドキュメント\LE3\GJ3\Project\..\generated\CoreEngine\obj\Development\CameraSequenceIO.obj"
         "C:\Users\k024g\OneDrive\ドキュメント\LE3\GJ3\Project\..\generated\CoreEngine\obj\Development\CameraClipPlayerModule.obj"
         "C:\Users\k024g\OneDrive\ドキュメント\LE3\GJ3\Project\..\generated\CoreEngine\obj\Development\CameraDebugUI.obj"
         "C:\Users\k024g\OneDrive\ドキュメント\LE3\GJ3\Project\..\generated\CoreEngine\obj\Development\CameraFollowEditorModule.obj"
         "C:\Users\k024g\OneDrive\ドキュメント\LE3\GJ3\Project\..\generated\CoreEngine\obj\Development\CameraGameViewControlModule.obj"
         "C:\Users\k024g\OneDrive\ドキュメント\LE3\GJ3\Project\..\generated\CoreEngine\obj\Development\CameraKeyframeEditorModule.obj"
         "C:\Users\k024g\OneDrive\ドキュメント\LE3\GJ3\Project\..\generated\CoreEngine\obj\Development\CameraRigEditorModule.obj"
         "C:\Users\k024g\OneDrive\ドキュメント\LE3\GJ3\Project\..\generated\CoreEngine\obj\Development\CameraListEditorModule.obj"
         "C:\Users\k024g\OneDrive\ドキュメント\LE3\GJ3\Project\..\generated\CoreEngine\obj\Development\CameraParametersEditorModule.obj"
         "C:\Users\k024g\OneDrive\ドキュメント\LE3\GJ3\Project\..\generated\CoreEngine\obj\Development\CameraShakeEditorModule.obj"
         "C:\Users\k024g\OneDrive\ドキュメント\LE3\GJ3\Project\..\generated\CoreEngine\obj\Development\CameraIconOverlay.obj"
         "C:\Users\k024g\OneDrive\ドキュメント\LE3\GJ3\Project\..\generated\CoreEngine\obj\Development\CameraTimelineWidget.obj"
         "C:\Users\k024g\OneDrive\ドキュメント\LE3\GJ3\Project\..\generated\CoreEngine\obj\Development\CameraTransformEditorModule.obj"
         "C:\Users\k024g\OneDrive\ドキュメント\LE3\GJ3\Project\..\generated\CoreEngine\obj\Development\Collider.obj"
         "C:\Users\k024g\OneDrive\ドキュメント\LE3\GJ3\Project\..\generated\CoreEngine\obj\Development\ColliderComponent.obj"
         "C:\Users\k024g\OneDrive\ドキュメント\LE3\GJ3\Project\..\generated\CoreEngine\obj\Development\CollisionResolver.obj"
         "C:\Users\k024g\OneDrive\ドキュメント\LE3\GJ3\Project\..\generated\CoreEngine\obj\Development\BruteForceBroadPhase.obj"
         "C:\Users\k024g\OneDrive\ドキュメント\LE3\GJ3\Project\..\generated\CoreEngine\obj\Development\UniformGridBroadPhase.obj"
         "C:\Users\k024g\OneDrive\ドキュメント\LE3\GJ3\Project\..\generated\CoreEngine\obj\Development\ColliderDebugRenderer.obj"
         "C:\Users\k024g\OneDrive\ドキュメント\LE3\GJ3\Project\..\generated\CoreEngine\obj\Development\ColliderInspector.obj"
         "C:\Users\k024g\OneDrive\ドキュメント\LE3\GJ3\Project\..\generated\CoreEngine\obj\Development\CollisionMatrixPanel.obj"
         "C:\Users\k024g\OneDrive\ドキュメント\LE3\GJ3\Project\..\generated\CoreEngine\obj\Development\CollisionConfig.obj"
         "C:\Users\k024g\OneDrive\ドキュメント\LE3\GJ3\Project\..\generated\CoreEngine\obj\Development\CollisionWorld.obj"
         "C:\Users\k024g\OneDrive\ドキュメント\LE3\GJ3\Project\..\generated\CoreEngine\obj\Development\EngineConfig.obj"
         "C:\Users\k024g\OneDrive\ドキュメント\LE3\GJ3\Project\..\generated\CoreEngine\obj\Development\EngineSystem.obj"
         "C:\Users\k024g\OneDrive\ドキュメント\LE3\GJ3\Project\..\generated\CoreEngine\obj\Development\CoreComponentFactory.obj"
         "C:\Users\k024g\OneDrive\ドキュメント\LE3\GJ3\Project\..\generated\CoreEngine\obj\Development\GraphicsComponentFactory.obj"
         "C:\Users\k024g\OneDrive\ドキュメント\LE3\GJ3\Project\..\generated\CoreEngine\obj\Development\EditorSettingsSubsystem.obj"
         "C:\Users\k024g\OneDrive\ドキュメント\LE3\GJ3\Project\..\generated\CoreEngine\obj\Development\CVarSettingsSection.obj"
         "C:\Users\k024g\OneDrive\ドキュメント\LE3\GJ3\Project\..\generated\CoreEngine\obj\Development\CVar.obj"
         "C:\Users\k024g\OneDrive\ドキュメント\LE3\GJ3\Project\..\generated\CoreEngine\obj\Development\CVarRegistry.obj"
         "C:\Users\k024g\OneDrive\ドキュメント\LE3\GJ3\Project\..\generated\CoreEngine\obj\Development\CVarSerialization.obj"
         "C:\Users\k024g\OneDrive\ドキュメント\LE3\GJ3\Project\..\generated\CoreEngine\obj\Development\CVarUndoStack.obj"
         "C:\Users\k024g\OneDrive\ドキュメント\LE3\GJ3\Project\..\generated\CoreEngine\obj\Development\CVarPanel.obj"
         "C:\Users\k024g\OneDrive\ドキュメント\LE3\GJ3\Project\..\generated\CoreEngine\obj\Development\DebugSubsystem.obj"
         "C:\Users\k024g\OneDrive\ドキュメント\LE3\GJ3\Project\..\generated\CoreEngine\obj\Development\EngineProfileScope.obj"
         "C:\Users\k024g\OneDrive\ドキュメント\LE3\GJ3\Project\..\generated\CoreEngine\obj\Development\RayTracingSubsystem.obj"
         "C:\Users\k024g\OneDrive\ドキュメント\LE3\GJ3\Project\..\generated\CoreEngine\obj\Development\Framework.obj"
         "C:\Users\k024g\OneDrive\ドキュメント\LE3\GJ3\Project\..\generated\CoreEngine\obj\Development\SplashScreen.obj"
         "C:\Users\k024g\OneDrive\ドキュメント\LE3\GJ3\Project\..\generated\CoreEngine\obj\Development\CpuProfiler.obj"
         "C:\Users\k024g\OneDrive\ドキュメント\LE3\GJ3\Project\..\generated\CoreEngine\obj\Development\RecordingIncludeHandler.obj"
         "C:\Users\k024g\OneDrive\ドキュメント\LE3\GJ3\Project\..\generated\CoreEngine\obj\Development\ShaderCacheKey.obj"
         "C:\Users\k024g\OneDrive\ドキュメント\LE3\GJ3\Project\..\generated\CoreEngine\obj\Development\ShaderCacheStore.obj"
         "C:\Users\k024g\OneDrive\ドキュメント\LE3\GJ3\Project\..\generated\CoreEngine\obj\Development\StartupProgress.obj"
         "C:\Users\k024g\OneDrive\ドキュメント\LE3\GJ3\Project\..\generated\CoreEngine\obj\Development\StartupSequence.obj"
         "C:\Users\k024g\OneDrive\ドキュメント\LE3\GJ3\Project\..\generated\CoreEngine\obj\Development\AssetDatabase.obj"
         "C:\Users\k024g\OneDrive\ドキュメント\LE3\GJ3\Project\..\generated\CoreEngine\obj\Development\AssetMetadata.obj"
         "C:\Users\k024g\OneDrive\ドキュメント\LE3\GJ3\Project\..\generated\CoreEngine\obj\Development\GpuMarker.obj"
         "C:\Users\k024g\OneDrive\ドキュメント\LE3\GJ3\Project\..\generated\CoreEngine\obj\Development\GpuTimestampProfiler.obj"
         "C:\Users\k024g\OneDrive\ドキュメント\LE3\GJ3\Project\..\generated\CoreEngine\obj\Development\GpuTimingStatsCollector.obj"
         "C:\Users\k024g\OneDrive\ドキュメント\LE3\GJ3\Project\..\generated\CoreEngine\obj\Development\BarrierBatch.obj"
         "C:\Users\k024g\OneDrive\ドキュメント\LE3\GJ3\Project\..\generated\CoreEngine\obj\Development\GpuResource.obj"
         "C:\Users\k024g\OneDrive\ドキュメント\LE3\GJ3\Project\..\generated\CoreEngine\obj\Development\IBLSystem.obj"
         "C:\Users\k024g\OneDrive\ドキュメント\LE3\GJ3\Project\..\generated\CoreEngine\obj\Development\MaterialDebugUI.obj"
         "C:\Users\k024g\OneDrive\ドキュメント\LE3\GJ3\Project\..\generated\CoreEngine\obj\Development\MaterialInstance.obj"
         "C:\Users\k024g\OneDrive\ドキュメント\LE3\GJ3\Project\..\generated\CoreEngine\obj\Development\SpriteMaterialInstance.obj"
         "C:\Users\k024g\OneDrive\ドキュメント\LE3\GJ3\Project\..\generated\CoreEngine\obj\Development\SkeletonAnimatorFactory.obj"
         "C:\Users\k024g\OneDrive\ドキュメント\LE3\GJ3\Project\..\generated\CoreEngine\obj\Development\CustomShaderPipeline.obj"
         "C:\Users\k024g\OneDrive\ドキュメント\LE3\GJ3\Project\..\generated\CoreEngine\obj\Development\Bloom.obj"
         "C:\Users\k024g\OneDrive\ドキュメント\LE3\GJ3\Project\..\generated\CoreEngine\obj\Development\LensFlare.obj"
         "C:\Users\k024g\OneDrive\ドキュメント\LE3\GJ3\Project\..\generated\CoreEngine\obj\Development\Blur.obj"
         "C:\Users\k024g\OneDrive\ドキュメント\LE3\GJ3\Project\..\generated\CoreEngine\obj\Development\ChromaticAberration.obj"
         "C:\Users\k024g\OneDrive\ドキュメント\LE3\GJ3\Project\..\generated\CoreEngine\obj\Development\ColorGrading.obj"
         "C:\Users\k024g\OneDrive\ドキュメント\LE3\GJ3\Project\..\generated\CoreEngine\obj\Development\Dissolve.obj"
         "C:\Users\k024g\OneDrive\ドキュメント\LE3\GJ3\Project\..\generated\CoreEngine\obj\Development\FadeEffect.obj"
         "C:\Users\k024g\OneDrive\ドキュメント\LE3\GJ3\Project\..\generated\CoreEngine\obj\Development\LoadingScreenEffect.obj"
         "C:\Users\k024g\OneDrive\ドキュメント\LE3\GJ3\Project\..\generated\CoreEngine\obj\Development\TrolleyLoading.obj"
         "C:\Users\k024g\OneDrive\ドキュメント\LE3\GJ3\Project\..\generated\CoreEngine\obj\Development\GrayScale.obj"
         "C:\Users\k024g\OneDrive\ドキュメント\LE3\GJ3\Project\..\generated\CoreEngine\obj\Development\Invert.obj"
         "C:\Users\k024g\OneDrive\ドキュメント\LE3\GJ3\Project\..\generated\CoreEngine\obj\Development\PostEffectComputeBase.obj"
         "C:\Users\k024g\OneDrive\ドキュメント\LE3\GJ3\Project\..\generated\CoreEngine\obj\Development\PostEffectGraphicsBase.obj"
         "C:\Users\k024g\OneDrive\ドキュメント\LE3\GJ3\Project\..\generated\CoreEngine\obj\Development\RadialBlur.obj"
         "C:\Users\k024g\OneDrive\ドキュメント\LE3\GJ3\Project\..\generated\CoreEngine\obj\Development\RasterScroll.obj"
         "C:\Users\k024g\OneDrive\ドキュメント\LE3\GJ3\Project\..\generated\CoreEngine\obj\Development\Sepia.obj"
         "C:\Users\k024g\OneDrive\ドキュメント\LE3\GJ3\Project\..\generated\CoreEngine\obj\Development\Shockwave.obj"
         "C:\Users\k024g\OneDrive\ドキュメント\LE3\GJ3\Project\..\generated\CoreEngine\obj\Development\ToneMapping.obj"
         "C:\Users\k024g\OneDrive\ドキュメント\LE3\GJ3\Project\..\generated\CoreEngine\obj\Development\Vignette.obj"
         "C:\Users\k024g\OneDrive\ドキュメント\LE3\GJ3\Project\..\generated\CoreEngine\obj\Development\CubeMeshGenerator.obj"
         "C:\Users\k024g\OneDrive\ドキュメント\LE3\GJ3\Project\..\generated\CoreEngine\obj\Development\PlaneMeshGenerator.obj"
         "C:\Users\k024g\OneDrive\ドキュメント\LE3\GJ3\Project\..\generated\CoreEngine\obj\Development\SphereMeshGenerator.obj"
         "C:\Users\k024g\OneDrive\ドキュメント\LE3\GJ3\Project\..\generated\CoreEngine\obj\Development\AccelerationStructureManager.obj"
         "C:\Users\k024g\OneDrive\ドキュメント\LE3\GJ3\Project\..\generated\CoreEngine\obj\Development\RayTracingDispatchInfo.obj"
         "C:\Users\k024g\OneDrive\ドキュメント\LE3\GJ3\Project\..\generated\CoreEngine\obj\Development\RayTracingPassBase.obj"
         "C:\Users\k024g\OneDrive\ドキュメント\LE3\GJ3\Project\..\generated\CoreEngine\obj\Development\RayTracingPipelineBuilder.obj"
         "C:\Users\k024g\OneDrive\ドキュメント\LE3\GJ3\Project\..\generated\CoreEngine\obj\Development\RayTracingShadowManager.obj"
         "C:\Users\k024g\OneDrive\ドキュメント\LE3\GJ3\Project\..\generated\CoreEngine\obj\Development\ShaderTableBuilder.obj"
         "C:\Users\k024g\OneDrive\ドキュメント\LE3\GJ3\Project\..\generated\CoreEngine\obj\Development\GBufferManager.obj"
         "C:\Users\k024g\OneDrive\ドキュメント\LE3\GJ3\Project\..\generated\CoreEngine\obj\Development\GridRenderer.obj"
         "C:\Users\k024g\OneDrive\ドキュメント\LE3\GJ3\Project\..\generated\CoreEngine\obj\Development\IBLGenerator.obj"
         "C:\Users\k024g\OneDrive\ドキュメント\LE3\GJ3\Project\..\generated\CoreEngine\obj\Development\IBLManager.obj"
         "C:\Users\k024g\OneDrive\ドキュメント\LE3\GJ3\Project\..\generated\CoreEngine\obj\Development\LightBufferManager.obj"
         "C:\Users\k024g\OneDrive\ドキュメント\LE3\GJ3\Project\..\generated\CoreEngine\obj\Development\LightDebugVisualizer.obj"
         "C:\Users\k024g\OneDrive\ドキュメント\LE3\GJ3\Project\..\generated\CoreEngine\obj\Development\LightManager.obj"
         "C:\Users\k024g\OneDrive\ドキュメント\LE3\GJ3\Project\..\generated\CoreEngine\obj\Development\LineManager.obj"
         "C:\Users\k024g\OneDrive\ドキュメント\LE3\GJ3\Project\..\generated\CoreEngine\obj\Development\AnimationBlender.obj"
         "C:\Users\k024g\OneDrive\ドキュメント\LE3\GJ3\Project\..\generated\CoreEngine\obj\Development\AnimationLoader.obj"
         "C:\Users\k024g\OneDrive\ドキュメント\LE3\GJ3\Project\..\generated\CoreEngine\obj\Development\AnimationPlayer.obj"
         "C:\Users\k024g\OneDrive\ドキュメント\LE3\GJ3\Project\..\generated\CoreEngine\obj\Development\AnimationUtils.obj"
         "C:\Users\k024g\OneDrive\ドキュメント\LE3\GJ3\Project\..\generated\CoreEngine\obj\Development\SkeletonAnimator.obj"
         "C:\Users\k024g\OneDrive\ドキュメント\LE3\GJ3\Project\..\generated\CoreEngine\obj\Development\SkeletonLoader.obj"
         "C:\Users\k024g\OneDrive\ドキュメント\LE3\GJ3\Project\..\generated\CoreEngine\obj\Development\SkinClusterGenerator.obj"
         "C:\Users\k024g\OneDrive\ドキュメント\LE3\GJ3\Project\..\generated\CoreEngine\obj\Development\SkinningComputeDispatcher.obj"
         "C:\Users\k024g\OneDrive\ドキュメント\LE3\GJ3\Project\..\generated\CoreEngine\obj\Development\PostEffectPresetManager.obj"
         "C:\Users\k024g\OneDrive\ドキュメント\LE3\GJ3\Project\..\generated\CoreEngine\obj\Development\LineRendererPipeline.obj"
         "C:\Users\k024g\OneDrive\ドキュメント\LE3\GJ3\Project\..\generated\CoreEngine\obj\Development\BaseModelRenderer.obj"
         "C:\Users\k024g\OneDrive\ドキュメント\LE3\GJ3\Project\..\generated\CoreEngine\obj\Development\InstanceBatchManager.obj"
         "C:\Users\k024g\OneDrive\ドキュメント\LE3\GJ3\Project\..\generated\CoreEngine\obj\Development\ModelRenderer.obj"
         "C:\Users\k024g\OneDrive\ドキュメント\LE3\GJ3\Project\..\generated\CoreEngine\obj\Development\SkinnedModelRenderer.obj"
         "C:\Users\k024g\OneDrive\ドキュメント\LE3\GJ3\Project\..\generated\CoreEngine\obj\Development\BaseParticleRenderer.obj"
         "C:\Users\k024g\OneDrive\ドキュメント\LE3\GJ3\Project\..\generated\CoreEngine\obj\Development\GpuParticleRenderer.obj"
         "C:\Users\k024g\OneDrive\ドキュメント\LE3\GJ3\Project\..\generated\CoreEngine\obj\Development\ModelParticleRenderer.obj"
         "C:\Users\k024g\OneDrive\ドキュメント\LE3\GJ3\Project\..\generated\CoreEngine\obj\Development\ParticleRenderer.obj"
         "C:\Users\k024g\OneDrive\ドキュメント\LE3\GJ3\Project\..\generated\CoreEngine\obj\Development\BackBufferPass.obj"
         "C:\Users\k024g\OneDrive\ドキュメント\LE3\GJ3\Project\..\generated\CoreEngine\obj\Development\DeferredLightingPass.obj"
         "C:\Users\k024g\OneDrive\ドキュメント\LE3\GJ3\Project\..\generated\CoreEngine\obj\Development\DefaultRenderPipelineBuilder.obj"
         "C:\Users\k024g\OneDrive\ドキュメント\LE3\GJ3\Project\..\generated\CoreEngine\obj\Development\HiZOcclusionSystem.obj"
         "C:\Users\k024g\OneDrive\ドキュメント\LE3\GJ3\Project\..\generated\CoreEngine\obj\Development\ModelVisibility.obj"
         "C:\Users\k024g\OneDrive\ドキュメント\LE3\GJ3\Project\..\generated\CoreEngine\obj\Development\GBufferPass.obj"
         "C:\Users\k024g\OneDrive\ドキュメント\LE3\GJ3\Project\..\generated\CoreEngine\obj\Development\HiZOcclusionPass.obj"
         "C:\Users\k024g\OneDrive\ドキュメント\LE3\GJ3\Project\..\generated\CoreEngine\obj\Development\GeometryPass.obj"
         "C:\Users\k024g\OneDrive\ドキュメント\LE3\GJ3\Project\..\generated\CoreEngine\obj\Development\PostEffectPass.obj"
         "C:\Users\k024g\OneDrive\ドキュメント\LE3\GJ3\Project\..\generated\CoreEngine\obj\Development\RenderPipeline.obj"
         "C:\Users\k024g\OneDrive\ドキュメント\LE3\GJ3\Project\..\generated\CoreEngine\obj\Development\SSAOPass.obj"
         "C:\Users\k024g\OneDrive\ドキュメント\LE3\GJ3\Project\..\generated\CoreEngine\obj\Development\TAAPass.obj"
         "C:\Users\k024g\OneDrive\ドキュメント\LE3\GJ3\Project\..\generated\CoreEngine\obj\Development\CASPass.obj"
         "C:\Users\k024g\OneDrive\ドキュメント\LE3\GJ3\Project\..\generated\CoreEngine\obj\Development\DeferredLightingTechnique.obj"
         "C:\Users\k024g\OneDrive\ドキュメント\LE3\GJ3\Project\..\generated\CoreEngine\obj\Development\RenderingTechniqueBase.obj"
         "C:\Users\k024g\OneDrive\ドキュメント\LE3\GJ3\Project\..\generated\CoreEngine\obj\Development\RenderingTechniqueManager.obj"
         "C:\Users\k024g\OneDrive\ドキュメント\LE3\GJ3\Project\..\generated\CoreEngine\obj\Development\SSAOBlurTechnique.obj"
         "C:\Users\k024g\OneDrive\ドキュメント\LE3\GJ3\Project\..\generated\CoreEngine\obj\Development\SSAOTechnique.obj"
         "C:\Users\k024g\OneDrive\ドキュメント\LE3\GJ3\Project\..\generated\CoreEngine\obj\Development\SSAOTemporalTechnique.obj"
         "C:\Users\k024g\OneDrive\ドキュメント\LE3\GJ3\Project\..\generated\CoreEngine\obj\Development\TAATechnique.obj"
         "C:\Users\k024g\OneDrive\ドキュメント\LE3\GJ3\Project\..\generated\CoreEngine\obj\Development\CASTechnique.obj"
         "C:\Users\k024g\OneDrive\ドキュメント\LE3\GJ3\Project\..\generated\CoreEngine\obj\Development\RenderManager.obj"
         "C:\Users\k024g\OneDrive\ドキュメント\LE3\GJ3\Project\..\generated\CoreEngine\obj\Development\BackBufferRenderTarget.obj"
         "C:\Users\k024g\OneDrive\ドキュメント\LE3\GJ3\Project\..\generated\CoreEngine\obj\Development\OffscreenRenderTarget.obj"
         "C:\Users\k024g\OneDrive\ドキュメント\LE3\GJ3\Project\..\generated\CoreEngine\obj\Development\RenderTargetManager.obj"
         "C:\Users\k024g\OneDrive\ドキュメント\LE3\GJ3\Project\..\generated\CoreEngine\obj\Development\SkyBoxRenderer.obj"
         "C:\Users\k024g\OneDrive\ドキュメント\LE3\GJ3\Project\..\generated\CoreEngine\obj\Development\SpriteRenderer.obj"
         "C:\Users\k024g\OneDrive\ドキュメント\LE3\GJ3\Project\..\generated\CoreEngine\obj\Development\UIRenderer.obj"
         "C:\Users\k024g\OneDrive\ドキュメント\LE3\GJ3\Project\..\generated\CoreEngine\obj\Development\RootSignatureBuilder.obj"
         "C:\Users\k024g\OneDrive\ドキュメント\LE3\GJ3\Project\..\generated\CoreEngine\obj\Development\ShaderBinder.obj"
         "C:\Users\k024g\OneDrive\ドキュメント\LE3\GJ3\Project\..\generated\CoreEngine\obj\Development\CBufferReflectionCheck.obj"
         "C:\Users\k024g\OneDrive\ドキュメント\LE3\GJ3\Project\..\generated\CoreEngine\obj\Development\ShaderReflectionBuilder.obj"
         "C:\Users\k024g\OneDrive\ドキュメント\LE3\GJ3\Project\..\generated\CoreEngine\obj\Development\ShaderReflectionData.obj"
         "C:\Users\k024g\OneDrive\ドキュメント\LE3\GJ3\Project\..\generated\CoreEngine\obj\Development\TextureCacheStore.obj"
         "C:\Users\k024g\OneDrive\ドキュメント\LE3\GJ3\Project\..\generated\CoreEngine\obj\Development\TextureCubemapGenerator.obj"
         "C:\Users\k024g\OneDrive\ドキュメント\LE3\GJ3\Project\..\generated\CoreEngine\obj\Development\TextureDdsCacheGenerator.obj"
         "C:\Users\k024g\OneDrive\ドキュメント\LE3\GJ3\Project\..\generated\CoreEngine\obj\Development\TextureGpuUploader.obj"
         "C:\Users\k024g\OneDrive\ドキュメント\LE3\GJ3\Project\..\generated\CoreEngine\obj\Development\TextureImageProcessor.obj"
         "C:\Users\k024g\OneDrive\ドキュメント\LE3\GJ3\Project\..\generated\CoreEngine\obj\Development\TextureLoadExecutor.obj"
         "C:\Users\k024g\OneDrive\ドキュメント\LE3\GJ3\Project\..\generated\CoreEngine\obj\Development\TextureLoadPlan.obj"
         "C:\Users\k024g\OneDrive\ドキュメント\LE3\GJ3\Project\..\generated\CoreEngine\obj\Development\TextureManager.obj"
         "C:\Users\k024g\OneDrive\ドキュメント\LE3\GJ3\Project\..\generated\CoreEngine\obj\Development\TextureMetadataLoader.obj"
         "C:\Users\k024g\OneDrive\ドキュメント\LE3\GJ3\Project\..\generated\CoreEngine\obj\Development\TexturePathResolver.obj"
         "C:\Users\k024g\OneDrive\ドキュメント\LE3\GJ3\Project\..\generated\CoreEngine\obj\Development\InputBinding.obj"
         "C:\Users\k024g\OneDrive\ドキュメント\LE3\GJ3\Project\..\generated\CoreEngine\obj\Development\InputConfig.obj"
         "C:\Users\k024g\OneDrive\ドキュメント\LE3\GJ3\Project\..\generated\CoreEngine\obj\Development\InputQuery.obj"
         "C:\Users\k024g\OneDrive\ドキュメント\LE3\GJ3\Project\..\generated\CoreEngine\obj\Development\ComponentHost.obj"
         "C:\Users\k024g\OneDrive\ドキュメント\LE3\GJ3\Project\..\generated\CoreEngine\obj\Development\MaterialComponent.obj"
         "C:\Users\k024g\OneDrive\ドキュメント\LE3\GJ3\Project\..\generated\CoreEngine\obj\Development\AnimatorComponent.obj"
         "C:\Users\k024g\OneDrive\ドキュメント\LE3\GJ3\Project\..\generated\CoreEngine\obj\Development\MeshRendererComponent.obj"
         "C:\Users\k024g\OneDrive\ドキュメント\LE3\GJ3\Project\..\generated\CoreEngine\obj\Development\SkeletonSocketComponent.obj"
         "C:\Users\k024g\OneDrive\ドキュメント\LE3\GJ3\Project\..\generated\CoreEngine\obj\Development\TransformComponent.obj"
         "C:\Users\k024g\OneDrive\ドキュメント\LE3\GJ3\Project\..\generated\CoreEngine\obj\Development\GameObject.obj"
         "C:\Users\k024g\OneDrive\ドキュメント\LE3\GJ3\Project\..\generated\CoreEngine\obj\Development\GameObjectManager.obj"
         "C:\Users\k024g\OneDrive\ドキュメント\LE3\GJ3\Project\..\generated\CoreEngine\obj\Development\ModelGameObject.obj"
         "C:\Users\k024g\OneDrive\ドキュメント\LE3\GJ3\Project\..\generated\CoreEngine\obj\Development\PrimitiveGameObject.obj"
         "C:\Users\k024g\OneDrive\ドキュメント\LE3\GJ3\Project\..\generated\CoreEngine\obj\Development\SpriteAnimationClip.obj"
         "C:\Users\k024g\OneDrive\ドキュメント\LE3\GJ3\Project\..\generated\CoreEngine\obj\Development\SpriteAnimator.obj"
         "C:\Users\k024g\OneDrive\ドキュメント\LE3\GJ3\Project\..\generated\CoreEngine\obj\Development\SpriteObject.obj"
         "C:\Users\k024g\OneDrive\ドキュメント\LE3\GJ3\Project\..\generated\CoreEngine\obj\Development\ParticleEmitter.obj"
         "C:\Users\k024g\OneDrive\ドキュメント\LE3\GJ3\Project\..\generated\CoreEngine\obj\Development\ParticleRenderDataBuilder.obj"
         "C:\Users\k024g\OneDrive\ドキュメント\LE3\GJ3\Project\..\generated\CoreEngine\obj\Development\ParticleResourceManager.obj"
         "C:\Users\k024g\OneDrive\ドキュメント\LE3\GJ3\Project\..\generated\CoreEngine\obj\Development\ParticleUpdater.obj"
         "C:\Users\k024g\OneDrive\ドキュメント\LE3\GJ3\Project\..\generated\CoreEngine\obj\Development\ParticleSystemDebugUI.obj"
         "C:\Users\k024g\OneDrive\ドキュメント\LE3\GJ3\Project\..\generated\CoreEngine\obj\Development\MainModule.obj"
         "C:\Users\k024g\OneDrive\ドキュメント\LE3\GJ3\Project\..\generated\CoreEngine\obj\Development\NoiseModule.obj"
         "C:\Users\k024g\OneDrive\ドキュメント\LE3\GJ3\Project\..\generated\CoreEngine\obj\Development\ShapeModule.obj"
         "C:\Users\k024g\OneDrive\ドキュメント\LE3\GJ3\Project\..\generated\CoreEngine\obj\Development\ParticlePresetManager.obj"
         "C:\Users\k024g\OneDrive\ドキュメント\LE3\GJ3\Project\..\generated\CoreEngine\obj\Development\BaseScene.obj"
         "C:\Users\k024g\OneDrive\ドキュメント\LE3\GJ3\Project\..\generated\CoreEngine\obj\Development\LightingFeature.obj"
         "C:\Users\k024g\OneDrive\ドキュメント\LE3\GJ3\Project\..\generated\CoreEngine\obj\Development\EnvironmentFeature.obj"
         "C:\Users\k024g\OneDrive\ドキュメント\LE3\GJ3\Project\..\generated\CoreEngine\obj\Development\GroundFeature.obj"
         "C:\Users\k024g\OneDrive\ドキュメント\LE3\GJ3\Project\..\generated\CoreEngine\obj\Development\TimeOfDayFeature.obj"
         "C:\Users\k024g\OneDrive\ドキュメント\LE3\GJ3\Project\..\generated\CoreEngine\obj\Development\CollisionFeature.obj"
         "C:\Users\k024g\OneDrive\ドキュメント\LE3\GJ3\Project\..\generated\CoreEngine\obj\Development\GridFeature.obj"
         "C:\Users\k024g\OneDrive\ドキュメント\LE3\GJ3\Project\..\generated\CoreEngine\obj\Development\DebugEditorFeature.obj"
         "C:\Users\k024g\OneDrive\ドキュメント\LE3\GJ3\Project\..\generated\CoreEngine\obj\Development\TweenFeature.obj"
         "C:\Users\k024g\OneDrive\ドキュメント\LE3\GJ3\Project\..\generated\CoreEngine\obj\Development\EventDispatchFeature.obj"
         "C:\Users\k024g\OneDrive\ドキュメント\LE3\GJ3\Project\..\generated\CoreEngine\obj\Development\DefaultSceneFeatures.obj"
         "C:\Users\k024g\OneDrive\ドキュメント\LE3\GJ3\Project\..\generated\CoreEngine\obj\Development\CameraFeature.obj"
         "C:\Users\k024g\OneDrive\ドキュメント\LE3\GJ3\Project\..\generated\CoreEngine\obj\Development\CameraSequenceFeature.obj"
         "C:\Users\k024g\OneDrive\ドキュメント\LE3\GJ3\Project\..\generated\CoreEngine\obj\Development\CameraShakeFeature.obj"
         "C:\Users\k024g\OneDrive\ドキュメント\LE3\GJ3\Project\..\generated\CoreEngine\obj\Development\AtmosphereEditor.obj"
         "C:\Users\k024g\OneDrive\ドキュメント\LE3\GJ3\Project\..\generated\CoreEngine\obj\Development\VolumetricCloudEditor.obj"
         "C:\Users\k024g\OneDrive\ドキュメント\LE3\GJ3\Project\..\generated\CoreEngine\obj\Development\FogEditor.obj"
         "C:\Users\k024g\OneDrive\ドキュメント\LE3\GJ3\Project\..\generated\CoreEngine\obj\Development\SceneDebugEditor.obj"
         "C:\Users\k024g\OneDrive\ドキュメント\LE3\GJ3\Project\..\generated\CoreEngine\obj\Development\SceneSaveSystem.obj"
         "C:\Users\k024g\OneDrive\ドキュメント\LE3\GJ3\Project\..\generated\CoreEngine\obj\Development\SceneTransition.obj"
         "C:\Users\k024g\OneDrive\ドキュメント\LE3\GJ3\Project\..\generated\CoreEngine\obj\Development\Model.obj"
         "C:\Users\k024g\OneDrive\ドキュメント\LE3\GJ3\Project\..\generated\CoreEngine\obj\Development\ModelManager.obj"
         "C:\Users\k024g\OneDrive\ドキュメント\LE3\GJ3\Project\..\generated\CoreEngine\obj\Development\ModelResource.obj"
         "C:\Users\k024g\OneDrive\ドキュメント\LE3\GJ3\Project\..\generated\CoreEngine\obj\Development\UndoRedoHistory.obj"
         "C:\Users\k024g\OneDrive\ドキュメント\LE3\GJ3\Project\..\generated\CoreEngine\obj\Development\ThreadBudget.obj"
         "C:\Users\k024g\OneDrive\ドキュメント\LE3\GJ3\Project\..\generated\CoreEngine\obj\Development\ThreadPool.obj"
         "C:\Users\k024g\OneDrive\ドキュメント\LE3\GJ3\Project\..\generated\CoreEngine\obj\Development\TileCollider.obj"
         "C:\Users\k024g\OneDrive\ドキュメント\LE3\GJ3\Project\..\generated\CoreEngine\obj\Development\TileMap.obj"
         "C:\Users\k024g\OneDrive\ドキュメント\LE3\GJ3\Project\..\generated\CoreEngine\obj\Development\UICanvas.obj"
         "C:\Users\k024g\OneDrive\ドキュメント\LE3\GJ3\Project\..\generated\CoreEngine\obj\Development\UIImage.obj"
         "C:\Users\k024g\OneDrive\ドキュメント\LE3\GJ3\Project\..\generated\CoreEngine\obj\Development\Distance.obj"
         "C:\Users\k024g\OneDrive\ドキュメント\LE3\GJ3\Project\..\generated\CoreEngine\obj\Development\Intersect.obj"
         "C:\Users\k024g\OneDrive\ドキュメント\LE3\GJ3\Project\..\generated\CoreEngine\obj\Development\RayCast.obj"
         "C:\Users\k024g\OneDrive\ドキュメント\LE3\GJ3\Project\..\generated\CoreEngine\obj\Development\ConsoleUI.obj"
         "C:\Users\k024g\OneDrive\ドキュメント\LE3\GJ3\Project\..\generated\CoreEngine\obj\Development\CanvasViewport.obj"
         "C:\Users\k024g\OneDrive\ドキュメント\LE3\GJ3\Project\..\generated\CoreEngine\obj\Development\EditorSettingsPanel.obj"
         "C:\Users\k024g\OneDrive\ドキュメント\LE3\GJ3\Project\..\generated\CoreEngine\obj\Development\EngineStatsWindow.obj"
         "C:\Users\k024g\OneDrive\ドキュメント\LE3\GJ3\Project\..\generated\CoreEngine\obj\Development\Gizmo.obj"
         "C:\Users\k024g\OneDrive\ドキュメント\LE3\GJ3\Project\..\generated\CoreEngine\obj\Development\KeyConfigUI.obj"
         "C:\Users\k024g\OneDrive\ドキュメント\LE3\GJ3\Project\..\generated\CoreEngine\obj\Development\ObjectSelector.obj"
         "C:\Users\k024g\OneDrive\ドキュメント\LE3\GJ3\Project\..\generated\CoreEngine\obj\Development\PixCapture.obj"
         "C:\Users\k024g\OneDrive\ドキュメント\LE3\GJ3\Project\..\generated\CoreEngine\obj\Development\ProjectView.obj"
         "C:\Users\k024g\OneDrive\ドキュメント\LE3\GJ3\Project\..\generated\CoreEngine\obj\Development\RayTracingDebugPanel.obj"
         "C:\Users\k024g\OneDrive\ドキュメント\LE3\GJ3\Project\..\generated\CoreEngine\obj\Development\RenderGraphEditorPanel.obj"
         "C:\Users\k024g\OneDrive\ドキュメント\LE3\GJ3\Project\..\generated\CoreEngine\obj\Development\GameOutputWindow.obj"
         "C:\Users\k024g\OneDrive\ドキュメント\LE3\GJ3\Project\..\generated\CoreEngine\obj\Development\RenderPassDebugPanel.obj"
         "C:\Users\k024g\OneDrive\ドキュメント\LE3\GJ3\Project\..\generated\CoreEngine\obj\Development\SceneManagerTab.obj"
         "C:\Users\k024g\OneDrive\ドキュメント\LE3\GJ3\Project\..\generated\CoreEngine\obj\Development\ScreenCapture.obj"
         "C:\Users\k024g\OneDrive\ドキュメント\LE3\GJ3\Project\..\generated\CoreEngine\obj\Development\ThreadProfilerUI.obj"
         "C:\Users\k024g\OneDrive\ドキュメント\LE3\GJ3\Project\..\generated\CoreEngine\obj\Development\LivePPAgent.obj"
         "C:\Users\k024g\OneDrive\ドキュメント\LE3\GJ3\Project\..\generated\CoreEngine\obj\Development\Tween.obj"
         "C:\Users\k024g\OneDrive\ドキュメント\LE3\GJ3\Project\..\generated\CoreEngine\obj\Development\TweenManager.obj"
         "C:\Users\k024g\OneDrive\ドキュメント\LE3\GJ3\Project\..\generated\CoreEngine\obj\Development\EventBus.obj"
         "C:\Users\k024g\OneDrive\ドキュメント\LE3\GJ3\Project\..\generated\CoreEngine\obj\Development\RandomGenerator.obj"
         "C:\Users\k024g\OneDrive\ドキュメント\LE3\GJ3\Project\..\generated\CoreEngine\obj\Development\SceneDepth.obj"
         "C:\Users\k024g\OneDrive\ドキュメント\LE3\GJ3\Project\..\generated\CoreEngine\obj\Development\UploadContext.obj"
         "C:\Users\k024g\OneDrive\ドキュメント\LE3\GJ3\Project\..\generated\CoreEngine\obj\Development\CommandQueue.obj"
         "C:\Users\k024g\OneDrive\ドキュメント\LE3\GJ3\Project\..\generated\CoreEngine\obj\Development\CommandContext.obj"
         "C:\Users\k024g\OneDrive\ドキュメント\LE3\GJ3\Project\..\generated\CoreEngine\obj\Development\FrameSync.obj"
         "C:\Users\k024g\OneDrive\ドキュメント\LE3\GJ3\Project\..\generated\CoreEngine\obj\Development\DeferredReleaseQueue.obj"
         "C:\Users\k024g\OneDrive\ドキュメント\LE3\GJ3\Project\..\generated\CoreEngine\obj\Development\DescriptorAllocator.obj"
         "C:\Users\k024g\OneDrive\ドキュメント\LE3\GJ3\Project\..\generated\CoreEngine\obj\Development\DescriptorHeapAllocator.obj"
         "C:\Users\k024g\OneDrive\ドキュメント\LE3\GJ3\Project\..\generated\CoreEngine\obj\Development\DeviceManager.obj"
         "C:\Users\k024g\OneDrive\ドキュメント\LE3\GJ3\Project\..\generated\CoreEngine\obj\Development\DeviceRemovedHandler.obj"
         "C:\Users\k024g\OneDrive\ドキュメント\LE3\GJ3\Project\..\generated\CoreEngine\obj\Development\SwapChain.obj"
         "C:\Users\k024g\OneDrive\ドキュメント\LE3\GJ3\Project\..\generated\CoreEngine\obj\Development\ModelLoader.obj"
         "C:\Users\k024g\OneDrive\ドキュメント\LE3\GJ3\Project\..\generated\CoreEngine\obj\Development\FullScreen.obj"
         "C:\Users\k024g\OneDrive\ドキュメント\LE3\GJ3\Project\..\generated\CoreEngine\obj\Development\PostEffectBase.obj"
         "C:\Users\k024g\OneDrive\ドキュメント\LE3\GJ3\Project\..\generated\CoreEngine\obj\Development\PostEffectManager.obj"
         "C:\Users\k024g\OneDrive\ドキュメント\LE3\GJ3\Project\..\generated\CoreEngine\obj\Development\FilmGrain.obj"
         "C:\Users\k024g\OneDrive\ドキュメント\LE3\GJ3\Project\..\generated\CoreEngine\obj\Development\MotionBlur.obj"
         "C:\Users\k024g\OneDrive\ドキュメント\LE3\GJ3\Project\..\generated\CoreEngine\obj\Development\LocalExposure.obj"
         "C:\Users\k024g\OneDrive\ドキュメント\LE3\GJ3\Project\..\generated\CoreEngine\obj\Development\ColorLUT.obj"
         "C:\Users\k024g\OneDrive\ドキュメント\LE3\GJ3\Project\..\generated\CoreEngine\obj\Development\DepthOfField.obj"
         "C:\Users\k024g\OneDrive\ドキュメント\LE3\GJ3\Project\..\generated\CoreEngine\obj\Development\PostEffectGraphBuilder.obj"
         "C:\Users\k024g\OneDrive\ドキュメント\LE3\GJ3\Project\..\generated\CoreEngine\obj\Development\PostEffectTransientPool.obj"
         "C:\Users\k024g\OneDrive\ドキュメント\LE3\GJ3\Project\..\generated\CoreEngine\obj\Development\MathCore.obj"
         "C:\Users\k024g\OneDrive\ドキュメント\LE3\GJ3\Project\..\generated\CoreEngine\obj\Development\Spline.obj"
         "C:\Users\k024g\OneDrive\ドキュメント\LE3\GJ3\Project\..\generated\CoreEngine\obj\Development\CollisionModule.obj"
         "C:\Users\k024g\OneDrive\ドキュメント\LE3\GJ3\Project\..\generated\CoreEngine\obj\Development\ColorModule.obj"
         "C:\Users\k024g\OneDrive\ドキュメント\LE3\GJ3\Project\..\generated\CoreEngine\obj\Development\EmissionModule.obj"
         "C:\Users\k024g\OneDrive\ドキュメント\LE3\GJ3\Project\..\generated\CoreEngine\obj\Development\ForceModule.obj"
         "C:\Users\k024g\OneDrive\ドキュメント\LE3\GJ3\Project\..\generated\CoreEngine\obj\Development\RotationModule.obj"
         "C:\Users\k024g\OneDrive\ドキュメント\LE3\GJ3\Project\..\generated\CoreEngine\obj\Development\SizeModule.obj"
         "C:\Users\k024g\OneDrive\ドキュメント\LE3\GJ3\Project\..\generated\CoreEngine\obj\Development\VelocityModule.obj"
         "C:\Users\k024g\OneDrive\ドキュメント\LE3\GJ3\Project\..\generated\CoreEngine\obj\Development\DockingUI.obj"
         "C:\Users\k024g\OneDrive\ドキュメント\LE3\GJ3\Project\..\generated\CoreEngine\obj\Development\Camera.obj"
         "C:\Users\k024g\OneDrive\ドキュメント\LE3\GJ3\Project\..\generated\CoreEngine\obj\Development\OrbitFlyController.obj"
         "C:\Users\k024g\OneDrive\ドキュメント\LE3\GJ3\Project\..\generated\CoreEngine\obj\Development\CameraShake.obj"
         "C:\Users\k024g\OneDrive\ドキュメント\LE3\GJ3\Project\..\generated\CoreEngine\obj\Development\CameraShakePresetLibrary.obj"
         "C:\Users\k024g\OneDrive\ドキュメント\LE3\GJ3\Project\..\generated\CoreEngine\obj\Development\CameraShaker.obj"
         "C:\Users\k024g\OneDrive\ドキュメント\LE3\GJ3\Project\..\generated\CoreEngine\obj\Development\DebugCameraCVars.obj"
         "C:\Users\k024g\OneDrive\ドキュメント\LE3\GJ3\Project\..\generated\CoreEngine\obj\Development\FreeLookController.obj"
         "C:\Users\k024g\OneDrive\ドキュメント\LE3\GJ3\Project\..\generated\CoreEngine\obj\Development\EditorCameraInput.obj"
         "C:\Users\k024g\OneDrive\ドキュメント\LE3\GJ3\Project\..\generated\CoreEngine\obj\Development\ViewBuilder.obj"
         "C:\Users\k024g\OneDrive\ドキュメント\LE3\GJ3\Project\..\generated\CoreEngine\obj\Development\DrawViewInfo.obj"
         "C:\Users\k024g\OneDrive\ドキュメント\LE3\GJ3\Project\..\generated\CoreEngine\obj\Development\CrashDump.obj"
         "C:\Users\k024g\OneDrive\ドキュメント\LE3\GJ3\Project\..\generated\CoreEngine\obj\Development\GraphicsCore.obj"
         "C:\Users\k024g\OneDrive\ドキュメント\LE3\GJ3\Project\..\generated\CoreEngine\obj\Development\LeakChecker.obj"
         "C:\Users\k024g\OneDrive\ドキュメント\LE3\GJ3\Project\..\generated\CoreEngine\obj\Development\FrameRateController.obj"
         "C:\Users\k024g\OneDrive\ドキュメント\LE3\GJ3\Project\..\generated\CoreEngine\obj\Development\JsonManager.obj"
         "C:\Users\k024g\OneDrive\ドキュメント\LE3\GJ3\Project\..\generated\CoreEngine\obj\Development\Logger.obj"
         "C:\Users\k024g\OneDrive\ドキュメント\LE3\GJ3\Project\..\generated\CoreEngine\obj\Development\EasingUtil.obj"
         "C:\Users\k024g\OneDrive\ドキュメント\LE3\GJ3\Project\..\generated\CoreEngine\obj\Development\GameTimer.obj"
         "C:\Users\k024g\OneDrive\ドキュメント\LE3\GJ3\Project\..\generated\CoreEngine\obj\Development\InputManager.obj"
         "C:\Users\k024g\OneDrive\ドキュメント\LE3\GJ3\Project\..\generated\CoreEngine\obj\Development\ImGuiManager.obj"
         "C:\Users\k024g\OneDrive\ドキュメント\LE3\GJ3\Project\..\generated\CoreEngine\obj\Development\KeyboardInput.obj"
         "C:\Users\k024g\OneDrive\ドキュメント\LE3\GJ3\Project\..\generated\CoreEngine\obj\Development\GamepadInput.obj"
         "C:\Users\k024g\OneDrive\ドキュメント\LE3\GJ3\Project\..\generated\CoreEngine\obj\Development\GameDebugUI.obj"
         "C:\Users\k024g\OneDrive\ドキュメント\LE3\GJ3\Project\..\generated\CoreEngine\obj\Development\main.obj"
         "C:\Users\k024g\OneDrive\ドキュメント\LE3\GJ3\Project\..\generated\CoreEngine\obj\Development\WinApp.obj"
         "C:\Users\k024g\OneDrive\ドキュメント\LE3\GJ3\Project\..\generated\CoreEngine\obj\Development\RootSignatureManager.obj"
         "C:\Users\k024g\OneDrive\ドキュメント\LE3\GJ3\Project\..\generated\CoreEngine\obj\Development\PipelineStateManager.obj"
         "C:\Users\k024g\OneDrive\ドキュメント\LE3\GJ3\Project\..\generated\CoreEngine\obj\Development\CustomShaderPipelineCache.obj"
         "C:\Users\k024g\OneDrive\ドキュメント\LE3\GJ3\Project\..\generated\CoreEngine\obj\Development\ComputePipelineUtil.obj"
         "C:\Users\k024g\OneDrive\ドキュメント\LE3\GJ3\Project\..\generated\CoreEngine\obj\Development\AudioSystem.obj"
         "C:\Users\k024g\OneDrive\ドキュメント\LE3\GJ3\Project\..\generated\CoreEngine\obj\Development\SoundInstance.obj"
         "C:\Users\k024g\OneDrive\ドキュメント\LE3\GJ3\Project\..\generated\CoreEngine\obj\Development\WavDecoder.obj"
         "C:\Users\k024g\OneDrive\ドキュメント\LE3\GJ3\Project\..\generated\CoreEngine\obj\Development\MediaFoundationDecoder.obj"
         "C:\Users\k024g\OneDrive\ドキュメント\LE3\GJ3\Project\..\generated\CoreEngine\obj\Development\SoundVoice.obj"
         "C:\Users\k024g\OneDrive\ドキュメント\LE3\GJ3\Project\..\generated\CoreEngine\obj\Development\AudioPathResolver.obj"
         "C:\Users\k024g\OneDrive\ドキュメント\LE3\GJ3\Project\..\generated\CoreEngine\obj\Development\ShaderBlobCache.obj"
         "C:\Users\k024g\OneDrive\ドキュメント\LE3\GJ3\Project\..\generated\CoreEngine\obj\Development\ShaderManifest.obj"
         "C:\Users\k024g\OneDrive\ドキュメント\LE3\GJ3\Project\..\generated\CoreEngine\obj\Development\ShaderCompiler.obj"
         "C:\Users\k024g\OneDrive\ドキュメント\LE3\GJ3\Project\..\generated\CoreEngine\obj\Development\ShaderBindingContract.obj"
         "C:\Users\k024g\OneDrive\ドキュメント\LE3\GJ3\Project\..\generated\CoreEngine\obj\Development\ShaderProgram.obj"
         "C:\Users\k024g\OneDrive\ドキュメント\LE3\GJ3\Project\..\generated\CoreEngine\obj\Development\ShaderPrewarm.obj"
         "C:\Users\k024g\OneDrive\ドキュメント\LE3\GJ3\Project\..\generated\CoreEngine\obj\Development\ResourceFactory.obj"
         "C:\Users\k024g\OneDrive\ドキュメント\LE3\GJ3\Project\..\generated\CoreEngine\obj\Development\UploadRing.obj"
         "C:\Users\k024g\OneDrive\ドキュメント\LE3\GJ3\Project\..\generated\CoreEngine\obj\Development\Render.obj"
         "C:\Users\k024g\OneDrive\ドキュメント\LE3\GJ3\Project\..\generated\CoreEngine\obj\Development\WorldTransform.obj"
         "C:\Users\k024g\OneDrive\ドキュメント\LE3\GJ3\Project\..\generated\CoreEngine\obj\Development\GpuParticleSystem.obj"
         "C:\Users\k024g\OneDrive\ドキュメント\LE3\GJ3\Project\..\generated\CoreEngine\obj\Development\ParticleSystem.obj"
         "C:\Users\k024g\OneDrive\ドキュメント\LE3\GJ3\Project\..\generated\CoreEngine\obj\Development\SceneManager.obj"
         "C:\Users\k024g\OneDrive\ドキュメント\LE3\GJ3\Project\..\generated\CoreEngine\obj\Development\MouseInput.obj"
         "C:\Users\k024g\OneDrive\ドキュメント\LE3\GJ3\Project\..\generated\CoreEngine\obj\Development\imgui.obj"
         "C:\Users\k024g\OneDrive\ドキュメント\LE3\GJ3\Project\..\generated\CoreEngine\obj\Development\imgui_draw.obj"
         "C:\Users\k024g\OneDrive\ドキュメント\LE3\GJ3\Project\..\generated\CoreEngine\obj\Development\imgui_tables.obj"
         "C:\Users\k024g\OneDrive\ドキュメント\LE3\GJ3\Project\..\generated\CoreEngine\obj\Development\imgui_widgets.obj"
         "C:\Users\k024g\OneDrive\ドキュメント\LE3\GJ3\Project\..\generated\CoreEngine\obj\Development\imgui_impl_dx12.obj"
         "C:\Users\k024g\OneDrive\ドキュメント\LE3\GJ3\Project\..\generated\CoreEngine\obj\Development\imgui_impl_win32.obj"
         "C:\Users\k024g\OneDrive\ドキュメント\LE3\GJ3\Project\..\generated\CoreEngine\obj\Development\ImGuizmo.obj"
         "C:\Users\k024g\OneDrive\ドキュメント\LE3\GJ3\Project\..\generated\CoreEngine\obj\Development\imnodes.obj"
         "C:\Users\k024g\OneDrive\ドキュメント\LE3\GJ3\Project\..\generated\CoreEngine\obj\Development\allocator.obj"
         "C:\Users\k024g\OneDrive\ドキュメント\LE3\GJ3\Project\..\generated\CoreEngine\obj\Development\indexgenerator.obj"
         "C:\Users\k024g\OneDrive\ドキュメント\LE3\GJ3\Project\..\generated\CoreEngine\obj\Development\overdrawoptimizer.obj"
         "C:\Users\k024g\OneDrive\ドキュメント\LE3\GJ3\Project\..\generated\CoreEngine\obj\Development\simplifier.obj"
         "C:\Users\k024g\OneDrive\ドキュメント\LE3\GJ3\Project\..\generated\CoreEngine\obj\Development\vcacheoptimizer.obj"
         "C:\Users\k024g\OneDrive\ドキュメント\LE3\GJ3\Project\..\generated\CoreEngine\obj\Development\vfetchoptimizer.obj"
         "C:\Users\k024g\OneDrive\ドキュメント\LE3\GJ3\Project\..\generated\CoreEngine\obj\Development\Contour.obj"
         "C:\Users\k024g\OneDrive\ドキュメント\LE3\GJ3\Project\..\generated\CoreEngine\obj\Development\DistanceMapping.obj"
         "C:\Users\k024g\OneDrive\ドキュメント\LE3\GJ3\Project\..\generated\CoreEngine\obj\Development\EdgeHolder.obj"
         "C:\Users\k024g\OneDrive\ドキュメント\LE3\GJ3\Project\..\generated\CoreEngine\obj\Development\MSDFErrorCorrection.obj"
         "C:\Users\k024g\OneDrive\ドキュメント\LE3\GJ3\Project\..\generated\CoreEngine\obj\Development\Projection.obj"
         "C:\Users\k024g\OneDrive\ドキュメント\LE3\GJ3\Project\..\generated\CoreEngine\obj\Development\Scanline.obj"
         "C:\Users\k024g\OneDrive\ドキュメント\LE3\GJ3\Project\..\generated\CoreEngine\obj\Development\Shape.obj"
         "C:\Users\k024g\OneDrive\ドキュメント\LE3\GJ3\Project\..\generated\CoreEngine\obj\Development\contour-combiners.obj"
         "C:\Users\k024g\OneDrive\ドキュメント\LE3\GJ3\Project\..\generated\CoreEngine\obj\Development\convergent-curve-ordering.obj"
         "C:\Users\k024g\OneDrive\ドキュメント\LE3\GJ3\Project\..\generated\CoreEngine\obj\Development\edge-coloring.obj"
         "C:\Users\k024g\OneDrive\ドキュメント\LE3\GJ3\Project\..\generated\CoreEngine\obj\Development\edge-segments.obj"
         "C:\Users\k024g\OneDrive\ドキュメント\LE3\GJ3\Project\..\generated\CoreEngine\obj\Development\edge-selectors.obj"
         "C:\Users\k024g\OneDrive\ドキュメント\LE3\GJ3\Project\..\generated\CoreEngine\obj\Development\equation-solver.obj"
         "C:\Users\k024g\OneDrive\ドキュメント\LE3\GJ3\Project\..\generated\CoreEngine\obj\Development\msdf-error-correction.obj"
         "C:\Users\k024g\OneDrive\ドキュメント\LE3\GJ3\Project\..\generated\CoreEngine\obj\Development\msdfgen.obj"
         "C:\Users\k024g\OneDrive\ドキュメント\LE3\GJ3\Project\..\generated\CoreEngine\obj\Development\DirectWriteFontFace.obj"
         "C:\Users\k024g\OneDrive\ドキュメント\LE3\GJ3\Project\..\generated\CoreEngine\obj\Development\MsdfFontBaker.obj"
         "C:\Users\k024g\OneDrive\ドキュメント\LE3\GJ3\Project\..\generated\CoreEngine\obj\Development\MsdfFont.obj"
         "C:\Users\k024g\OneDrive\ドキュメント\LE3\GJ3\Project\..\generated\CoreEngine\obj\Development\MsdfFontCache.obj"
         "C:\Users\k024g\OneDrive\ドキュメント\LE3\GJ3\Project\..\generated\CoreEngine\obj\Development\MsdfAtlasAllocator.obj"
         "C:\Users\k024g\OneDrive\ドキュメント\LE3\GJ3\Project\..\generated\CoreEngine\obj\Development\FontManager.obj"
         "C:\Users\k024g\OneDrive\ドキュメント\LE3\GJ3\Project\..\generated\CoreEngine\obj\Development\TextRenderer.obj"
         "C:\Users\k024g\OneDrive\ドキュメント\LE3\GJ3\Project\..\generated\CoreEngine\obj\Development\UIText.obj"
         "C:\Users\k024g\OneDrive\ドキュメント\LE3\GJ3\Project\..\generated\CoreEngine\obj\Development\TextGeometryBuilder.obj"
         "C:\Users\k024g\OneDrive\ドキュメント\LE3\GJ3\Project\..\generated\CoreEngine\obj\Development\Text3DRenderer.obj"
         "C:\Users\k024g\OneDrive\ドキュメント\LE3\GJ3\Project\..\generated\CoreEngine\obj\Development\Text3DObject.obj"
         "C:\Users\k024g\OneDrive\ドキュメント\LE3\GJ3\generated\DirectXTex\outputs\Development\DirectXTex.lib"
         main.obj : MSIL .netmodule または /GL を伴ってコンパイルされたモジュールが見つかりました。/LTCG を使用して再開始してください。リンカーのパフォーマンスを向上させるためには、コマンドラインに /LTCG を追加してください。
         コード生成しています。
         コード生成が終了しました。
         CoreEngine.vcxproj -> C:\Users\k024g\OneDrive\ドキュメント\LE3\GJ3\generated\CoreEngine\outputs\Development\CoreEngine.exe
       _CopyOutOfDateSourceItemsToOutputDirectory:
       すべての出力ファイルが入力ファイルに対して最新なので、ターゲット "_CopyOutOfDateSourceItemsToOutputDirectory" を省略します。
       PostBuildEvent:
         copy "C:\Program Files (x86)\Windows Kits\10\bin\10.0.26100.0\x64\dxcompiler.dll" "C:\Users\k024g\OneDrive\ドキュメント\LE3\GJ3\generated\CoreEngine\outputs\Development\dxcompiler.dll"
         xcopy "C:\Users\k024g\OneDrive\ドキュメント\LE3\GJ3\Project\Application\Assets" "C:\Users\k024g\OneDrive\ドキュメント\LE3\GJ3\generated\CoreEngine\outputs\Development\Application\Assets\" /E /I /Y /D
         xcopy "C:\Users\k024g\OneDrive\ドキュメント\LE3\GJ3\Project\Engine\Assets" "C:\Users\k024g\OneDrive\ドキュメント\LE3\GJ3\generated\CoreEngine\outputs\Development\Engine\Assets\" /E /I /Y /D
         xcopy "C:\Users\k024g\OneDrive\ドキュメント\LE3\GJ3\Project\Application\Config" "C:\Users\k024g\OneDrive\ドキュメント\LE3\GJ3\generated\CoreEngine\outputs\Development\Application\Config\" /E /I /Y
         xcopy "C:\Users\k024g\OneDrive\ドキュメント\LE3\GJ3\Project\Engine\Config" "C:\Users\k024g\OneDrive\ドキュメント\LE3\GJ3\generated\CoreEngine\outputs\Development\Engine\Config\" /E /I /Y
         :VCEnd
                 1 個のファイルをコピーしました。
         0 個のファイルをコピーしました
         0 個のファイルをコピーしました
         C:\Users\k024g\OneDrive\ドキュメント\LE3\GJ3\Project\Application\Config\result_record.json
         C:\Users\k024g\OneDrive\ドキュメント\LE3\GJ3\Project\Application\Config\EngineSettings\CloudWeatherPaint.bin.phase2backup
         C:\Users\k024g\OneDrive\ドキュメント\LE3\GJ3\Project\Application\Config\EngineSettings\CVars.json
         C:\Users\k024g\OneDrive\ドキュメント\LE3\GJ3\Project\Application\Config\EngineSettings\_backup\CVars.json.bak
         4 個のファイルをコピーしました
         C:\Users\k024g\OneDrive\ドキュメント\LE3\GJ3\Project\Engine\Config\config_debug.json
         C:\Users\k024g\OneDrive\ドキュメント\LE3\GJ3\Project\Engine\Config\config_develop.json
         C:\Users\k024g\OneDrive\ドキュメント\LE3\GJ3\Project\Engine\Config\config_release.json
         3 個のファイルをコピーしました
       FinalizeBuildStatus:
         ファイル "C:\Users\k024g\OneDrive\ドキュメント\LE3\GJ3\Project\..\generated\CoreEngine\obj\Development\CoreEngine.tlog\unsuccessfulbuild" を削除しています。
         "C:\Users\k024g\OneDrive\ドキュメント\LE3\GJ3\Project\..\generated\CoreEngine\obj\Development\CoreEngine.tlog\CoreEngine.lastbuildstate" のタッチ タスクを実行しています。
       SyncVCXProjFilters:
         powershell -ExecutionPolicy Bypass -NoProfile -File "C:\Users\k024g\OneDrive\ドキュメント\LE3\GJ3\Project\Build\Scripts\SyncFilters.ps1" -ProjectFile "C:\Users\k024g\OneDrive\ドキュメント\LE3\GJ3\Project\CoreEngine.vcxproj"
         [SyncFilters] Up to date. No changes needed.
     3>プロジェクト "C:\Users\k024g\OneDrive\ドキュメント\LE3\GJ3\Project\CoreEngine.vcxproj" (既定のターゲット) のビルドが完了しました。
     1>プロジェクト "C:\Users\k024g\OneDrive\ドキュメント\LE3\GJ3\Project\CoreEngine.slnx" (Build ターゲット) のビルドが完了しました。

ビルドに成功しました。
    0 個の警告
    0 エラー

FileLogger を次の場所に書き込みました: C:\Users\k024g\OneDrive\ドキュメント\LE3\GJ3\Project\Build\stamina-development-build.log

経過時間 00:00:14.48
